{
  "candidates": [
    {
      "taps": 64,
      "ridge": 1e-05,
      "val_esr": 0.690713170854572
    },
    {
      "taps": 64,
      "ridge": 0.0001,
      "val_esr": 0.6909945801568331
    },
    {
      "taps": 64,
      "ridge": 0.001,
      "val_esr": 0.6914381500859057
    },
    {
      "taps": 64,
      "ridge": 0.01,
      "val_esr": 0.6919501774916131
    },
    {
      "taps": 256,
      "ridge": 1e-05,
      "val_esr": 0.5203772462964774
    },
    {
      "taps": 256,
      "ridge": 0.0001,
      "val_esr": 0.5195995519127772
    },
    {
      "taps": 256,
      "ridge": 0.001,
      "val_esr": 0.5179756858158006
    },
    {
      "taps": 256,
      "ridge": 0.01,
      "val_esr": 0.5141885384815803
    },
    {
      "taps": 1024,
      "ridge": 1e-05,
      "val_esr": 0.3802450356370155
    },
    {
      "taps": 1024,
      "ridge": 0.0001,
      "val_esr": 0.3802232732808065
    },
    {
      "taps": 1024,
      "ridge": 0.001,
      "val_esr": 0.3802891256665832
    },
    {
      "taps": 1024,
      "ridge": 0.01,
      "val_esr": 0.38283569479172197
    },
    {
      "taps": 4096,
      "ridge": 1e-05,
      "val_esr": 0.7475529101466922
    },
    {
      "taps": 4096,
      "ridge": 0.0001,
      "val_esr": 0.7476934449147421
    },
    {
      "taps": 4096,
      "ridge": 0.001,
      "val_esr": 0.7488815041638612
    },
    {
      "taps": 4096,
      "ridge": 0.01,
      "val_esr": 0.757399223917839
    }
  ],
  "best": {
    "taps": 1024,
    "ridge": 0.0001,
    "val_esr": 0.3802232732808065
  },
  "least_squares_gain": 0.5891811623013725
}
